2026-05-30 20:22:26 [INFO] 
2026-05-30 20:22:26 [INFO] ╔════════════════════════════════════════════╗
2026-05-30 20:22:26 [INFO] ║  🤖 YouTube Auto-Comment Bot v1.0          ║
2026-05-30 20:22:26 [INFO] ╠════════════════════════════════════════════╣
2026-05-30 20:22:26 [INFO] ║  目标频道: 8                               ║
2026-05-30 20:22:26 [INFO] ║  可用账号: 1                               ║
2026-05-30 20:22:26 [INFO] ║  文案模板: 42+ 条                          ║
2026-05-30 20:22:26 [INFO] ║  推广链接: https://haff981.github.io/crypto-ta║
2026-05-30 20:22:26 [INFO] ║  历史评论: 0                               ║
2026-05-30 20:22:26 [INFO] ║  已评论视频: 0                           ║
2026-05-30 20:22:26 [INFO] ╚════════════════════════════════════════════╝
2026-05-30 20:22:26 [INFO] 
2026-05-30 20:25:24 [INFO] 
2026-05-30 20:25:24 [INFO] ╔════════════════════════════════════════════╗
2026-05-30 20:25:24 [INFO] ║  🤖 YouTube Auto-Comment Bot v1.0          ║
2026-05-30 20:25:24 [INFO] ╠════════════════════════════════════════════╣
2026-05-30 20:25:24 [INFO] ║  目标频道: 8                               ║
2026-05-30 20:25:24 [INFO] ║  可用账号: 1                               ║
2026-05-30 20:25:24 [INFO] ║  文案模板: 42+ 条                          ║
2026-05-30 20:25:24 [INFO] ║  推广链接: https://haff981.github.io/crypto-ta║
2026-05-30 20:25:24 [INFO] ║  历史评论: 0                               ║
2026-05-30 20:25:24 [INFO] ║  已评论视频: 0                           ║
2026-05-30 20:25:24 [INFO] ╚════════════════════════════════════════════╝
2026-05-30 20:25:24 [INFO] 
2026-05-30 20:25:24 [INFO] =======================================================
2026-05-30 20:25:24 [INFO] 🔍 试运行模式 — 只搜索不发送评论
2026-05-30 20:25:24 [INFO] =======================================================
2026-05-30 20:25:27 [INFO]   📌 频道 ...JZSPKvow → 0 个视频 (scrape)
2026-05-30 20:25:35 [INFO]   📌 频道 ...cYYQhLHQ → 0 个视频 (scrape)
2026-05-30 20:25:45 [INFO]   📌 频道 ...5vQLXVOA → 0 个视频 (scrape)
2026-05-30 20:25:51 [INFO]   📌 频道 ...fBIA6aoQ → 0 个视频 (scrape)
2026-05-30 20:25:55 [INFO]   📌 频道 ...wbTxFyVg → 0 个视频 (scrape)
2026-05-30 20:25:59 [INFO]   📌 频道 ...THKYuVUA → 0 个视频 (scrape)
2026-05-30 20:26:04 [INFO]   📌 频道 ...02nmxBsw → 0 个视频 (scrape)
2026-05-30 20:26:11 [INFO]   📌 频道 ...y-pDZ8zg → 0 个视频 (scrape)
2026-05-30 20:26:13 [INFO] 📺 共找到 0 个视频
2026-05-30 20:26:13 [INFO] 
找到 0 个视频, 其中 0 个未评论:

2026-05-30 20:26:13 [INFO] 
✅ 试运行完成 — 共 0 条待评论
